============================= test session starts =============================
platform win32 -- Python 3.14.0, pytest-9.1.1, pluggy-1.6.0 -- C:\Users\HP\AppData\Local\Programs\Python\Python314\python.exe
cachedir: .pytest_cache
rootdir: C:\Users\HP\Desktop\Retail_Data_Lakehouse
plugins: anyio-4.14.1, langsmith-0.9.7
collecting ... collected 23 items

tests/test_bronze.py::test_record_hash_created PASSED                    [  4%]
tests/test_bronze.py::test_hash_not_empty PASSED                         [  8%]
tests/test_bronze.py::test_hash_length PASSED                            [ 13%]
tests/test_bronze.py::test_same_record_same_hash PASSED                  [ 17%]
tests/test_data_quality.py::test_total_rows PASSED                       [ 21%]
tests/test_data_quality.py::test_total_columns PASSED                    [ 26%]
tests/test_data_quality.py::test_duplicate_detection PASSED              [ 30%]
tests/test_data_quality.py::test_negative_sales PASSED                   [ 34%]
tests/test_data_quality.py::test_negative_profit_detection PASSED        [ 39%]
tests/test_data_quality.py::test_zero_quantity PASSED                    [ 43%]
tests/test_gold.py::test_gold_directory_exists PASSED                    [ 47%]
tests/test_gold.py::test_category_dataset_exists PASSED                  [ 52%]
tests/test_gold.py::test_region_dataset_exists PASSED                    [ 56%]
tests/test_gold.py::test_kpi_dataset_exists PASSED                       [ 60%]
tests/test_gold.py::test_category_dataset_not_empty PASSED               [ 65%]
tests/test_gold.py::test_kpi_values PASSED                               [ 69%]
tests/test_gold.py::test_expected_gold_files PASSED                      [ 73%]
tests/test_silver.py::test_silver_file_exists PASSED                     [ 78%]
tests/test_silver.py::test_silver_not_empty PASSED                       [ 82%]
tests/test_silver.py::test_silver_has_no_duplicates PASSED               [ 86%]
tests/test_silver.py::test_required_columns_exist PASSED                 [ 91%]
tests/test_silver.py::test_sales_is_numeric PASSED                       [ 95%]
tests/test_silver.py::test_quantity_is_numeric PASSED                    [100%]

============================= 23 passed in 2.05s ==============================
